Wed Sep 16 02:15:30 UTC 2026
hpc-exec02.hpc.uts.edu.au
INFO:    Converting OCI blobs to SIF format
INFO:    Starting build...
INFO:    Fetching OCI image...
INFO:    Extracting OCI image...
INFO:    Inserting Apptainer configuration...
INFO:    Creating SIF file...
INFO:    User not listed in /etc/subuid, trying root-mapped namespace
INFO:    Using fakeroot command combined with root-mapped namespace
INFO:    Instance stats will not be available - rootless cgroups is not usable in fakeroot mode
INFO:    instance started successfully
WARNING: Error changing the container working directory. Using '/' instead: chdir /shared/homes/u26025369: no such file or directory
WARNING: Error changing the container working directory. Using '/' instead: chdir /shared/homes/u26025369: no such file or directory
filesystem_persists_across_commands=PASS
uid=0(root) gid=0(root) groups=0(root)
Iface	Destination	Gateway 	Flags	RefCnt	Use	Metric	Mask		MTU	Window	IRTT                                                       
native_instance_smoke=PASS
Wed Sep 16 02:15:46 UTC 2026
INFO:    Stopping uts-fixture-88380 instance of /scratch/uts-instance.i1bwq9/python.sif (PID=1098137)
