Wed Sep 16 02:02:32 UTC 2026
hpc-exec02.hpc.uts.edu.au
INFO:    Converting OCI blobs to SIF format
INFO:    Starting build...
INFO:    Fetching OCI image...
INFO:    Extracting OCI image...
INFO:    Inserting Apptainer configuration...
INFO:    Creating SIF file...
{
  "scope": "no-network transport fixture only",
  "checks": {
    "authenticated_health": true,
    "reject_wrong_token": true,
    "root_and_mount_isolation": true,
    "file_roundtrip": true,
    "no_routes_or_tcp_endpoints": true,
    "private_socket": true
  },
  "scratch": "/scratch/uts-control-kodccbph"
}
Wed Sep 16 02:02:44 UTC 2026
